1、建立本地文件库小结
（1）创建本地文件夹
$ mkdir Gitlearn    //Gitlearn为文件夹，在C:\Users\liufeilong
$ cd Gitlearn
$ pwd
（2）将此目录变成Git可以管理的仓库
$ git init
（3）将文件添加到仓库
$ git GitNote.txt         //GitNote.txt为文件，在在C:\Users\liufeilong\Gitlearn
（4）将文件提交到仓库
$ git commit -m "The Note of Gitlearn"     //"The Note of Gitlearn"为提交或修改版本的备注


2、添加远程库小结
（1）
要关联一个远程库，使用命令git remote add origin git@github.com:【用户名】/项目名.git

关联后，使用命令git push -u origin master第一次推送master分支的所有内容；
此后，每次本地提交后，只要有必要，就可以使用命令git push origin master推送最新修改；
（2）
在第一次添加远程库时如果遇到以下问题
fatal: remote error:
  github.com/LoongLoongLoong/test is not a valid repository name
  Email support@github.com for help
解决方式：
使用git clone "项目地址"时，将https换成git而造成的，所以之后要使用命令：


git remote rm origin


git remote add origin git@github.com:【用户名】/项目名.git


git push origin


git push --set-upstream origin master
就可以了。 
